// Jest Snapshot v1, https://goo.gl/fbAQLP

exports[`<CreateIem /> Renders and matches Snapshot 1`] = `
<form
  className="Form-l8wx3k-0 cvSJdK"
  data-test="form"
  onSubmit={[Function]}
>
  <DisplayError
    error={Object {}}
  />
  <fieldset
    aria-busy={false}
    disabled={false}
  >
    <label
      htmlFor="file"
    >
      Image (optional)
      <input
        id="file"
        name="file"
        onChange={[Function]}
        placeholder="Upload an image"
        requiredvalue=""
        type="file"
      />
    </label>
    <label
      htmlFor="title"
    >
      Brand (optional)
      <input
        id="brand"
        name="brand"
        onChange={[Function]}
        placeholder="Brand"
        requiredvalue=""
        type="text"
      />
    </label>
    <label
      htmlFor="title"
    >
      Category (optional)
      <input
        id="category"
        name="category"
        onChange={[Function]}
        placeholder="Category"
        requiredvalue=""
        type="text"
      />
    </label>
    <label
      htmlFor="title"
    >
      Title
      <input
        id="title"
        name="title"
        onChange={[Function]}
        placeholder="Title"
        requiredvalue=""
        type="text"
      />
    </label>
    <label
      htmlFor="price"
    >
      Price
      <input
        id="price"
        name="price"
        onChange={[Function]}
        placeholder="Price"
        requiredvalue={0}
        type="number"
      />
    </label>
    <label
      htmlFor="description"
    >
      Description
      <textarea
        id="description"
        name="description"
        onChange={[Function]}
        placeholder="Enter A Description"
        requiredvalue=""
      />
    </label>
    <button
      type="submit"
    >
      Submit
    </button>
  </fieldset>
</form>
`;
