// Jest Snapshot v1, https://goo.gl/fbAQLP

exports[`<Nav/> renders a minimal nav when signed out 1`] = `
<div>
  <nav
    aria-label="Main navigation"
    class="Nav__NavWrapper-bWaCeX iqKtAK"
  >
    <ul
      class="Nav__StyledNavList-bdbWaJ hxydIY"
    >
      <li
        class="Nav__NavItem-iApeop dlnxaM"
      >
        <a
          href="/"
        >
          Home
        </a>
      </li>
      <li
        class="Nav__NavItem-iApeop dlnxaM"
      >
        <a
          href="/products"
        >
          Shop
        </a>
      </li>
      <li
        class="Nav__NavItem-iApeop dlnxaM"
      >
        <a
          href="/about"
        >
          About
        </a>
      </li>
      <li
        class="Nav__PushRight-haVOAn bmRIia"
      />
    </ul>
  </nav>
</div>
`;
