// Jest Snapshot v1, https://goo.gl/fbAQLP

exports[`<SingleItem /> Errors with a not found item 1`] = `
<p
  data-test="graphql-error"
>
  <strong>
    Shoot!
  </strong>
  Item not found!
</p>
`;

exports[`<SingleItem /> Renders with proper data 1`] = `null`;

exports[`<SingleItem /> Renders with proper data 2`] = `null`;

exports[`<SingleItem /> Renders with proper data 3`] = `
<p>
  No Item Found for 
  123
  .
</p>
`;
